// Jest Snapshot v1, https://goo.gl/fbAQLP

exports[`Loading Component renders the UI as expected 1`] = `
<div
  className="loading-container"
/>
`;
